
[1/5] Building frontend (npm run build) ...

up to date, audited 127 packages in 4s

20 packages are looking for funding
  run `npm fund` for details

3 vulnerabilities (2 moderate, 1 high)

To address issues that do not require attention, run:
  npm audit fix

To address all issues (including breaking changes), run:
  npm audit fix --force

Run `npm audit` for details.

> cluster-manager-frontend@1.0.0 build
> vite build

[33mThe CJS build of Vite's Node API is deprecated. See https://vite.dev/guide/troubleshooting.html#vite-cjs-node-api-deprecated for more details.[39m
[36mvite v5.4.21 [32mbuilding for production...[36m[39m
transforming...
[32m✓[39m 2224 modules transformed.
rendering chunks...
computing gzip size...
[2m../backend/static/[22m[32mindex.html                      [39m[1m[2m    0.42 kB[22m[1m[22m[2m │ gzip:   0.33 kB[22m
[2m../backend/static/[22m[35massets/Alerts-CnoQXK_8.css      [39m[1m[2m    0.82 kB[22m[1m[22m[2m │ gzip:   0.35 kB[22m
[2m../backend/static/[22m[35massets/Dashboard-aoNWSTTI.css   [39m[1m[2m    1.73 kB[22m[1m[22m[2m │ gzip:   0.55 kB[22m
[2m../backend/static/[22m[35massets/NetworkMap-BSsM6r1J.css  [39m[1m[2m    2.51 kB[22m[1m[22m[2m │ gzip:   0.89 kB[22m
[2m../backend/static/[22m[35massets/Nodes-DPtlhi70.css       [39m[1m[2m    2.97 kB[22m[1m[22m[2m │ gzip:   0.83 kB[22m
[2m../backend/static/[22m[35massets/PXEDeploy-Dgy65ORf.css   [39m[1m[2m    5.92 kB[22m[1m[22m[2m │ gzip:   1.47 kB[22m
[2m../backend/static/[22m[35massets/Diagnose-hC5tqPay.css    [39m[1m[2m    6.77 kB[22m[1m[22m[2m │ gzip:   1.75 kB[22m
[2m../backend/static/[22m[35massets/index-CCqB4ze0.css       [39m[1m[2m  355.14 kB[22m[1m[22m[2m │ gzip:  47.72 kB[22m
[2m../backend/static/[22m[36massets/Alerts-CZ0fMj2Y.js       [39m[1m[2m    5.49 kB[22m[1m[22m[2m │ gzip:   2.03 kB[22m
[2m../backend/static/[22m[36massets/Dashboard-B3sSysO7.js    [39m[1m[2m    8.06 kB[22m[1m[22m[2m │ gzip:   2.57 kB[22m
[2m../backend/static/[22m[36massets/Nodes-DC4h_3oJ.js        [39m[1m[2m   17.62 kB[22m[1m[22m[2m │ gzip:   5.50 kB[22m
[2m../backend/static/[22m[36massets/Diagnose-BmHTNvof.js     [39m[1m[2m   48.32 kB[22m[1m[22m[2m │ gzip:  13.83 kB[22m
[2m../backend/static/[22m[36massets/PXEDeploy-sjT3LBtJ.js    [39m[1m[2m   57.04 kB[22m[1m[22m[2m │ gzip:  15.91 kB[22m
[2m../backend/static/[22m[36massets/NetworkMap-BrNRX9dL.js   [39m[1m[2m   60.78 kB[22m[1m[22m[2m │ gzip:  21.33 kB[22m
[2m../backend/static/[22m[36massets/index-gTN-Odzx.js        [39m[1m[33m1,207.21 kB[39m[22m[2m │ gzip: 390.28 kB[22m
[33m
(!) Some chunks are larger than 500 kB after minification. Consider:
- Using dynamic import() to code-split the application
- Use build.rollupOptions.output.manualChunks to improve chunking: https://rollupjs.org/configuration-options/#output-manualchunks
- Adjust chunk size limit for this warning via build.chunkSizeWarningLimit.[39m
[32m✓ built in 3.71s[39m
  -> frontend assets at backend\static\

[2/5] Installing Python dependencies ...
  -> python deps ready

[3/5] Cleaning old artifacts ...

[4/5] Running PyInstaller ...
280 INFO: PyInstaller: 6.20.0, contrib hooks: 2026.5
280 INFO: Python: 3.13.12 (conda)
305 INFO: Platform: Windows-11-10.0.22631-SP0
305 INFO: Python environment: C:\Users\Administrator\miniconda3
307 INFO: Removing temporary files and cleaning cache in C:\Users\Administrator\AppData\Local\pyinstaller
229 WARNING: Failed to collect submodules for 'webview.platforms.android' because importing 'webview.platforms.android' raised: ModuleNotFoundError: No module named 'android'
1376 INFO: Module search paths (PYTHONPATH):
['C:\\Users\\Administrator\\miniconda3\\Scripts\\pyinstaller.exe',
 'C:\\Users\\Administrator\\miniconda3\\python313.zip',
 'C:\\Users\\Administrator\\miniconda3\\DLLs',
 'C:\\Users\\Administrator\\miniconda3\\Lib',
 'C:\\Users\\Administrator\\miniconda3',
 'C:\\Users\\Administrator\\miniconda3\\Lib\\site-packages',
 'd:\\01.code\\00.AIstudy\\AIstudyForLee\\clustermanager',
 'd:\\01.code\\00.AIstudy\\AIstudyForLee\\clustermanager\\backend']
1789 INFO: Appending 'binaries' from .spec
1790 INFO: Appending 'datas' from .spec
1795 INFO: checking Analysis
1795 INFO: Building Analysis because Analysis-00.toc is non existent
1795 INFO: Looking for Python shared library...
1795 INFO: Using Python shared library: C:\Users\Administrator\miniconda3\python313.dll
1795 INFO: Running Analysis Analysis-00.toc
1795 INFO: Target bytecode optimization level: 0
1795 INFO: Initializing module dependency graph...
1796 INFO: Initializing module graph hook caches...
1841 INFO: Analyzing modules for base_library.zip ...
2878 INFO: Processing standard module hook 'hook-encodings.py' from 'C:\\Users\\Administrator\\miniconda3\\Lib\\site-packages\\PyInstaller\\hooks'
4456 INFO: Processing standard module hook 'hook-pickle.py' from 'C:\\Users\\Administrator\\miniconda3\\Lib\\site-packages\\PyInstaller\\hooks'
5467 INFO: Processing standard module hook 'hook-heapq.py' from 'C:\\Users\\Administrator\\miniconda3\\Lib\\site-packages\\PyInstaller\\hooks'
5842 INFO: Caching module dependency graph...
5871 INFO: Analyzing d:\01.code\00.AIstudy\AIstudyForLee\clustermanager\backend\desktop.py
6135 INFO: Processing standard module hook 'hook-webview.py' from 'C:\\Users\\Administrator\\miniconda3\\Lib\\site-packages\\webview\\__pyinstaller'
6193 INFO: Processing standard module hook 'hook-platform.py' from 'C:\\Users\\Administrator\\miniconda3\\Lib\\site-packages\\PyInstaller\\hooks'
6222 INFO: Processing standard module hook 'hook-sysconfig.py' from 'C:\\Users\\Administrator\\miniconda3\\Lib\\site-packages\\PyInstaller\\hooks'
6226 INFO: Processing standard module hook 'hook-_ctypes.py' from 'C:\\Users\\Administrator\\miniconda3\\Lib\\site-packages\\PyInstaller\\hooks'
6752 INFO: Processing standard module hook 'hook-multiprocessing.util.py' from 'C:\\Users\\Administrator\\miniconda3\\Lib\\site-packages\\PyInstaller\\hooks'
6818 INFO: Processing standard module hook 'hook-xml.py' from 'C:\\Users\\Administrator\\miniconda3\\Lib\\site-packages\\PyInstaller\\hooks'
7356 INFO: Processing pre-safe-import-module hook 'hook-typing_extensions.py' from 'C:\\Users\\Administrator\\miniconda3\\Lib\\site-packages\\PyInstaller\\hooks\\pre_safe_import_module'
7358 INFO: SetuptoolsInfo: initializing cached setuptools info...
8235 INFO: Processing pre-safe-import-module hook 'hook-gi.py' from 'C:\\Users\\Administrator\\miniconda3\\Lib\\site-packages\\PyInstaller\\hooks\\pre_safe_import_module'
8355 INFO: Processing standard module hook 'hook-clr.py' from 'C:\\Users\\Administrator\\miniconda3\\Lib\\site-packages\\_pyinstaller_hooks_contrib\\stdhooks'
8369 INFO: Processing standard module hook 'hook-clr_loader.py' from 'C:\\Users\\Administrator\\miniconda3\\Lib\\site-packages\\_pyinstaller_hooks_contrib\\stdhooks'
8460 INFO: Processing standard module hook 'hook-pycparser.py' from 'C:\\Users\\Administrator\\miniconda3\\Lib\\site-packages\\_pyinstaller_hooks_contrib\\stdhooks'
8770 INFO: Processing standard module hook 'hook-setuptools.py' from 'C:\\Users\\Administrator\\miniconda3\\Lib\\site-packages\\PyInstaller\\hooks'
8783 INFO: Processing pre-safe-import-module hook 'hook-distutils.py' from 'C:\\Users\\Administrator\\miniconda3\\Lib\\site-packages\\PyInstaller\\hooks\\pre_safe_import_module'
8811 INFO: Processing pre-safe-import-module hook 'hook-jaraco.py' from 'C:\\Users\\Administrator\\miniconda3\\Lib\\site-packages\\PyInstaller\\hooks\\pre_safe_import_module'
8811 INFO: Setuptools: 'jaraco' appears to be a partial setuptools-vendored copy - extending search paths to ['C:\\Users\\Administrator\\miniconda3\\Lib\\site-packages\\jaraco', 'C:\\Users\\Administrator\\miniconda3\\Lib\\site-packages\\setuptools\\_vendor\\jaraco']!
8812 INFO: Processing pre-safe-import-module hook 'hook-jaraco.functools.py' from 'C:\\Users\\Administrator\\miniconda3\\Lib\\site-packages\\PyInstaller\\hooks\\pre_safe_import_module'
8821 INFO: Processing pre-safe-import-module hook 'hook-more_itertools.py' from 'C:\\Users\\Administrator\\miniconda3\\Lib\\site-packages\\PyInstaller\\hooks\\pre_safe_import_module'
9009 INFO: Processing pre-safe-import-module hook 'hook-packaging.py' from 'C:\\Users\\Administrator\\miniconda3\\Lib\\site-packages\\PyInstaller\\hooks\\pre_safe_import_module'
9134 INFO: Processing pre-safe-import-module hook 'hook-jaraco.text.py' from 'C:\\Users\\Administrator\\miniconda3\\Lib\\site-packages\\PyInstaller\\hooks\\pre_safe_import_module'
9134 INFO: Setuptools: 'jaraco.text' appears to be a setuptools-vendored copy - creating alias to 'setuptools._vendor.jaraco.text'!
9145 INFO: Processing standard module hook 'hook-setuptools._vendor.jaraco.text.py' from 'C:\\Users\\Administrator\\miniconda3\\Lib\\site-packages\\PyInstaller\\hooks'
9146 INFO: Processing pre-safe-import-module hook 'hook-importlib_resources.py' from 'C:\\Users\\Administrator\\miniconda3\\Lib\\site-packages\\PyInstaller\\hooks\\pre_safe_import_module'
9147 INFO: Processing pre-safe-import-module hook 'hook-jaraco.context.py' from 'C:\\Users\\Administrator\\miniconda3\\Lib\\site-packages\\PyInstaller\\hooks\\pre_safe_import_module'
9154 INFO: Processing pre-safe-import-module hook 'hook-backports.py' from 'C:\\Users\\Administrator\\miniconda3\\Lib\\site-packages\\PyInstaller\\hooks\\pre_safe_import_module'
9154 INFO: Setuptools: 'backports' appears to be a full setuptools-vendored copy - creating alias to 'setuptools._vendor.backports'!
9302 INFO: Processing pre-safe-import-module hook 'hook-importlib_metadata.py' from 'C:\\Users\\Administrator\\miniconda3\\Lib\\site-packages\\PyInstaller\\hooks\\pre_safe_import_module'
9302 INFO: Setuptools: 'importlib_metadata' appears to be a setuptools-vendored copy - creating alias to 'setuptools._vendor.importlib_metadata'!
9323 INFO: Processing standard module hook 'hook-setuptools._vendor.importlib_metadata.py' from 'C:\\Users\\Administrator\\miniconda3\\Lib\\site-packages\\PyInstaller\\hooks'
9349 INFO: Processing pre-safe-import-module hook 'hook-zipp.py' from 'C:\\Users\\Administrator\\miniconda3\\Lib\\site-packages\\PyInstaller\\hooks\\pre_safe_import_module'
9349 INFO: Setuptools: 'zipp' appears to be a setuptools-vendored copy - creating alias to 'setuptools._vendor.zipp'!
9523 INFO: Processing pre-safe-import-module hook 'hook-tomli.py' from 'C:\\Users\\Administrator\\miniconda3\\Lib\\site-packages\\PyInstaller\\hooks\\pre_safe_import_module'
9957 INFO: Processing pre-safe-import-module hook 'hook-wheel.py' from 'C:\\Users\\Administrator\\miniconda3\\Lib\\site-packages\\PyInstaller\\hooks\\pre_safe_import_module'
10557 INFO: Processing standard module hook 'hook-xml.etree.cElementTree.py' from 'C:\\Users\\Administrator\\miniconda3\\Lib\\site-packages\\PyInstaller\\hooks'
10617 INFO: Processing standard module hook 'hook-cryptography.py' from 'C:\\Users\\Administrator\\miniconda3\\Lib\\site-packages\\_pyinstaller_hooks_contrib\\stdhooks'
11790 INFO: hook-cryptography: cryptography uses dynamically-linked OpenSSL: 'C:\\Users\\Administrator\\miniconda3\\Library\\bin\\libssl-3-x64.dll'
12040 INFO: Processing standard module hook 'hook-bcrypt.py' from 'C:\\Users\\Administrator\\miniconda3\\Lib\\site-packages\\_pyinstaller_hooks_contrib\\stdhooks'
12045 INFO: Processing standard module hook 'hook-uvicorn.py' from 'C:\\Users\\Administrator\\miniconda3\\Lib\\site-packages\\_pyinstaller_hooks_contrib\\stdhooks'
12802 INFO: Processing standard module hook 'hook-difflib.py' from 'C:\\Users\\Administrator\\miniconda3\\Lib\\site-packages\\PyInstaller\\hooks'
13225 INFO: Processing standard module hook 'hook-websockets.py' from 'C:\\Users\\Administrator\\miniconda3\\Lib\\site-packages\\_pyinstaller_hooks_contrib\\stdhooks'
14005 INFO: Processing standard module hook 'hook-anyio.py' from 'C:\\Users\\Administrator\\miniconda3\\Lib\\site-packages\\_pyinstaller_hooks_contrib\\stdhooks'
15153 INFO: Processing standard module hook 'hook-pydantic.py' from 'C:\\Users\\Administrator\\miniconda3\\Lib\\site-packages\\_pyinstaller_hooks_contrib\\stdhooks'
C:\Users\Administrator\miniconda3\Lib\site-packages\pydantic\experimental\__init__.py:7: PydanticExperimentalWarning: This module is experimental, its contents are subject to change and deprecation.
  warnings.warn(
16150 INFO: Processing standard module hook 'hook-zoneinfo.py' from 'C:\\Users\\Administrator\\miniconda3\\Lib\\site-packages\\_pyinstaller_hooks_contrib\\stdhooks'
16181 INFO: Processing standard module hook 'hook-rich.py' from 'C:\\Users\\Administrator\\miniconda3\\Lib\\site-packages\\_pyinstaller_hooks_contrib\\stdhooks'
16431 INFO: Processing standard module hook 'hook-pygments.py' from 'C:\\Users\\Administrator\\miniconda3\\Lib\\site-packages\\PyInstaller\\hooks'
18829 INFO: Processing standard module hook 'hook-sqlalchemy.py' from 'C:\\Users\\Administrator\\miniconda3\\Lib\\site-packages\\PyInstaller\\hooks'
22975 INFO: Processing standard module hook 'hook-nacl.py' from 'C:\\Users\\Administrator\\miniconda3\\Lib\\site-packages\\_pyinstaller_hooks_contrib\\stdhooks'
23425 INFO: Processing standard module hook 'hook-certifi.py' from 'C:\\Users\\Administrator\\miniconda3\\Lib\\site-packages\\_pyinstaller_hooks_contrib\\stdhooks'
23896 INFO: Analyzing hidden import 'webview.__pyinstaller'
23897 INFO: Analyzing hidden import 'webview.__pyinstaller.hook-webview'
23923 INFO: Processing standard module hook 'hook-win32ctypes.core.py' from 'C:\\Users\\Administrator\\miniconda3\\Lib\\site-packages\\PyInstaller\\hooks'
25236 INFO: Analyzing hidden import 'webview._version'
25237 INFO: Analyzing hidden import 'uvicorn.loops'
25237 INFO: Analyzing hidden import 'uvicorn.loops.auto'
25239 INFO: Analyzing hidden import 'uvicorn.protocols.http.auto'
25240 INFO: Analyzing hidden import 'uvicorn.protocols.websockets.auto'
25241 INFO: Analyzing hidden import 'uvicorn.lifespan'
25242 INFO: Analyzing hidden import 'uvicorn.lifespan.off'
25243 INFO: Analyzing hidden import 'uvicorn.lifespan.on'
25248 INFO: Analyzing hidden import 'sqlalchemy.dialects.sqlite'
25307 INFO: Processing standard module hook 'hook-sqlite3.py' from 'C:\\Users\\Administrator\\miniconda3\\Lib\\site-packages\\PyInstaller\\hooks'
25694 INFO: Analyzing hidden import 'aiohttp'
26555 INFO: Analyzing hidden import 'email.mime.multipart'
26558 INFO: Analyzing hidden import 'email.mime.text'
26560 INFO: Processing module hooks (post-graph stage)...
29284 INFO: Processing standard module hook 'hook-sqlalchemy.py' from 'C:\\Users\\Administrator\\miniconda3\\Lib\\site-packages\\PyInstaller\\hooks'
29592 WARNING: Hidden import "pysqlite2" not found!
29593 WARNING: Hidden import "MySQLdb" not found!
29593 WARNING: Hidden import "psycopg2" not found!
30303 INFO: Processing standard module hook 'hook-tzdata.py' from 'C:\\Users\\Administrator\\miniconda3\\Lib\\site-packages\\_pyinstaller_hooks_contrib\\stdhooks'
30932 INFO: Performing binary vs. data reclassification (697 entries)
31042 INFO: Looking for ctypes DLLs
31103 INFO: Analyzing run-time hooks ...
31109 INFO: Including run-time hook 'pyi_rth_inspect.py' from 'C:\\Users\\Administrator\\miniconda3\\Lib\\site-packages\\PyInstaller\\hooks\\rthooks'
31111 INFO: Including run-time hook 'pyi_rth_pkgutil.py' from 'C:\\Users\\Administrator\\miniconda3\\Lib\\site-packages\\PyInstaller\\hooks\\rthooks'
31113 INFO: Including run-time hook 'pyi_rth_multiprocessing.py' from 'C:\\Users\\Administrator\\miniconda3\\Lib\\site-packages\\PyInstaller\\hooks\\rthooks'
31116 INFO: Including run-time hook 'pyi_rth_setuptools.py' from 'C:\\Users\\Administrator\\miniconda3\\Lib\\site-packages\\PyInstaller\\hooks\\rthooks'
31117 INFO: Including run-time hook 'pyi_rth_cryptography_openssl.py' from 'C:\\Users\\Administrator\\miniconda3\\Lib\\site-packages\\_pyinstaller_hooks_contrib\\rthooks'
31144 INFO: Creating base_library.zip...
31160 INFO: Looking for dynamic libraries
C:\Users\Administrator\miniconda3\Lib\site-packages\pydantic\experimental\__init__.py:7: PydanticExperimentalWarning: This module is experimental, its contents are subject to change and deprecation.
  warnings.warn(
32791 INFO: Extra DLL search directories (AddDllDirectory): []
32791 INFO: Extra DLL search directories (PATH): []
33496 INFO: Warnings written to d:\01.code\00.AIstudy\AIstudyForLee\clustermanager\backend\build\cluster_manager\warn-cluster_manager.txt
33584 INFO: Graph cross-reference written to d:\01.code\00.AIstudy\AIstudyForLee\clustermanager\backend\build\cluster_manager\xref-cluster_manager.html
33629 INFO: checking PYZ
33629 INFO: Building PYZ because PYZ-00.toc is non existent
33629 INFO: Building PYZ (ZlibArchive) d:\01.code\00.AIstudy\AIstudyForLee\clustermanager\backend\build\cluster_manager\PYZ-00.pyz
34630 INFO: Building PYZ (ZlibArchive) d:\01.code\00.AIstudy\AIstudyForLee\clustermanager\backend\build\cluster_manager\PYZ-00.pyz completed successfully.
34655 INFO: checking PKG
34655 INFO: Building PKG because PKG-00.toc is non existent
34655 INFO: Building PKG (CArchive) cluster-manager.pkg
34674 INFO: Building PKG (CArchive) cluster-manager.pkg completed successfully.
34675 INFO: Bootloader C:\Users\Administrator\miniconda3\Lib\site-packages\PyInstaller\bootloader\Windows-64bit-intel\runw.exe
34675 INFO: checking EXE
34675 INFO: Building EXE because EXE-00.toc is non existent
34675 INFO: Building EXE from EXE-00.toc
34675 INFO: Copying bootloader EXE to d:\01.code\00.AIstudy\AIstudyForLee\clustermanager\backend\build\cluster_manager\cluster-manager.exe
34680 INFO: Copying icon to EXE
34682 INFO: Copying 0 resources to EXE
34682 INFO: Embedding manifest in EXE
34684 INFO: Appending PKG archive to EXE
34689 INFO: Fixing EXE headers
34749 INFO: Building EXE from EXE-00.toc completed successfully.
34754 INFO: checking COLLECT
34754 INFO: Building COLLECT because COLLECT-00.toc is non existent
34755 INFO: Building COLLECT COLLECT-00.toc
35581 INFO: Building COLLECT COLLECT-00.toc completed successfully.
35592 INFO: Build complete! The results are available in: d:\01.code\00.AIstudy\AIstudyForLee\clustermanager\backend\dist
  -> copying static\
  -> copying pxe_data\
  -> copying launcher templates (start.bat, start-shared.bat)
  -> copying README.txt

[5/5] Packaging ZIP ...
ZipArchiveHelper : The process cannot access the file 'D:\01.code\00.AIstudy\AIstudyForLee\clustermanager\backend\dist\
cluster-manager\_internal\base_library.zip' because it is being used by another process.
At C:\Windows\system32\WindowsPowerShell\v1.0\Modules\Microsoft.PowerShell.Archive\Microsoft.PowerShell.Archive.psm1:69
7 char:30
+ ... sArchived = ZipArchiveHelper $subDirFiles.ToArray() $destinationPath  ...
+                 ~~~~~~~~~~~~~~~~~~~~~~~~~~~~~~~~~~~~~~~~~~~~~~~~~~~~~~~~~
    + CategoryInfo          : PermissionDenied: (D:\01.code\00.A...ase_library.zip:String) [Write-Error], IOException
    + FullyQualifiedErrorId : CompressArchiveUnauthorizedAccessError,ZipArchiveHelper
 
  zip attempt 1 failed: Exception calling ".ctor" with "1" argument(s): "Stream was not readable."
  -> cluster-manager-windows.zip  (29 MB)

============================================================
 BUILD COMPLETE
============================================================

 Artifacts:
   backend\dist\cluster-manager\   (runnable directory)
   cluster-manager-windows.zip     (distributable archive)

 Deploy on target Windows machine:
   1. Unzip cluster-manager-windows.zip
   2. (optional) drop PXE Host ISO into iso\
   3. Double-click cluster-manager.exe (or start.bat)
   4. A native "Cluster Manager" window opens automatically

 Note: Edge WebView2 Runtime is required (built-in on Win11,
       installer for Win10: https://aka.ms/webview2)
============================================================
